../Drivers/bmp280/bmp280.c:41:6:bmp280_init_default_params	16	static
../Drivers/bmp280/bmp280.c:50:13:read_register16	40	static
../Drivers/bmp280/bmp280.c:65:19:read_data	40	static
../Drivers/bmp280/bmp280.c:90:13:read_calibration_data	16	static
../Drivers/bmp280/bmp280.c:112:13:read_hum_calibration_data	24	static
../Drivers/bmp280/bmp280.c:130:12:write_register8	32	static
../Drivers/bmp280/bmp280.c:151:6:bmp280_init	24	static
../Drivers/bmp280/bmp280.c:216:6:bmp280_force_measurement	24	static
../Drivers/bmp280/bmp280.c:228:6:bmp280_is_measuring	24	static
../Drivers/bmp280/bmp280.c:243:23:compensate_temperature	32	static
../Drivers/bmp280/bmp280.c:262:24:compensate_pressure	336	static
../Drivers/bmp280/bmp280.c:292:24:compensate_humidity	32	static
../Drivers/bmp280/bmp280.c:311:6:bmp280_read_fixed	56	static
../Drivers/bmp280/bmp280.c:345:6:bmp280_read_float	40	static
../Drivers/bmp280/bmp280.c:362:5:_write	24	static
../Drivers/bmp280/bmp280.c:369:6:bmp280_system_init	8	static
../Drivers/bmp280/bmp280.c:386:6:bmp280_app_run	24	static
