../Drivers/bmp280/bmp280.c:44:6:bmp280_init_default_params	16	static
../Drivers/bmp280/bmp280.c:53:13:read_register16	48	static
../Drivers/bmp280/bmp280.c:67:19:read_data	56	static
../Drivers/bmp280/bmp280.c:78:13:read_calibration_data	16	static
../Drivers/bmp280/bmp280.c:100:13:read_hum_calibration_data	24	static
../Drivers/bmp280/bmp280.c:118:12:write_register8	40	static
../Drivers/bmp280/bmp280.c:129:6:bmp280_init	24	static
../Drivers/bmp280/bmp280.c:194:6:bmp280_force_measurement	24	static
../Drivers/bmp280/bmp280.c:206:6:bmp280_is_measuring	24	static
../Drivers/bmp280/bmp280.c:221:23:compensate_temperature	32	static
../Drivers/bmp280/bmp280.c:240:24:compensate_pressure	336	static
../Drivers/bmp280/bmp280.c:270:24:compensate_humidity	32	static
../Drivers/bmp280/bmp280.c:289:6:bmp280_read_fixed	56	static
../Drivers/bmp280/bmp280.c:323:6:bmp280_read_float	40	static
../Drivers/bmp280/bmp280.c:340:5:_write	24	static
../Drivers/bmp280/bmp280.c:346:6:I2C_Scan	16	static
../Drivers/bmp280/bmp280.c:363:6:bmp280_system_init	8	static
../Drivers/bmp280/bmp280.c:380:6:bmp280_app_run	24	static
