../Drivers/SenseAirS8/s8_uart.c:25:5:_write	24	static
../Drivers/SenseAirS8/s8_uart.c:32:6:S8_UART_get_firmware_version	32	static
../Drivers/SenseAirS8/s8_uart.c:60:9:S8_UART_get_co2	16	static
../Drivers/SenseAirS8/s8_uart.c:85:9:S8_UART_get_ABC_period	16	static
../Drivers/SenseAirS8/s8_uart.c:110:6:S8_UART_set_ABC_period	32	static
../Drivers/SenseAirS8/s8_uart.c:144:9:S8_UART_get_acknowledgement	16	static
../Drivers/SenseAirS8/s8_uart.c:169:6:S8_UART_clear_acknowledgement	24	static
../Drivers/SenseAirS8/s8_uart.c:197:6:S8_UART_manual_calibration	16	static
../Drivers/SenseAirS8/s8_uart.c:222:6:S8_UART_send_special_command	32	static
../Drivers/SenseAirS8/s8_uart.c:250:9:S8_UART_get_meter_status	16	static
../Drivers/SenseAirS8/s8_uart.c:275:9:S8_UART_get_alarm_status	16	static
../Drivers/SenseAirS8/s8_uart.c:300:9:S8_UART_get_output_status	16	static
../Drivers/SenseAirS8/s8_uart.c:328:9:S8_UART_get_PWM_output	16	static
../Drivers/SenseAirS8/s8_uart.c:355:9:S8_UART_get_sensor_type_ID	16	static
../Drivers/SenseAirS8/s8_uart.c:398:9:S8_UART_get_sensor_ID	16	static
../Drivers/SenseAirS8/s8_uart.c:441:9:S8_UART_get_memory_map_version	16	static
../Drivers/SenseAirS8/s8_uart.c:466:6:S8_UART_valid_response_len	24	static
../Drivers/SenseAirS8/s8_uart.c:481:6:S8_UART_valid_response	24	static
../Drivers/SenseAirS8/s8_uart.c:511:6:S8_UART_send_cmd	24	static
../Drivers/SenseAirS8/s8_uart.c:531:6:S8_UART_serial_write_bytes	16	static
../Drivers/SenseAirS8/s8_uart.c:540:9:S8_UART_serial_read_bytes	32	static
../Drivers/SenseAirS8/s8_uart.c:579:6:system_init	16	static
../Drivers/SenseAirS8/s8_uart.c:608:6:app_run	8	static
